============================= test session starts ==============================
platform linux -- Python 3.13.2, pytest-9.0.2, pluggy-1.6.0 -- /usr/local/bin/python3.13
cachedir: .pytest_cache
benchmark: 5.2.3 (defaults: timer=time.perf_counter disable_gc=False min_rounds=5 min_time=0.000005 max_time=1.0 calibration_precision=10 warmup=False warmup_iterations=100000)
metadata: {'Python': '3.13.2', 'Platform': 'Linux-6.6.87.2-microsoft-standard-WSL2-x86_64-with-glibc2.36', 'Packages': {'pytest': '9.0.2', 'pluggy': '1.6.0'}, 'Plugins': {'cov': '7.0.0', 'sugar': '1.1.1', 'json-report': '1.5.0', 'benchmark': '5.2.3', 'metadata': '3.1.1', 'flake8': '1.3.0', 'mock': '3.15.1', 'xdist': '3.8.0', 'html': '4.2.0', 'pylint': '0.21.0', 'asyncio': '1.3.0', 'timeout': '2.4.0', 'Faker': '40.1.2', 'anyio': '4.12.1'}}
rootdir: /workspace
configfile: pytest.ini (WARNING: ignoring pytest config in pyproject.toml!)
plugins: cov-7.0.0, sugar-1.1.1, json-report-1.5.0, benchmark-5.2.3, metadata-3.1.1, flake8-1.3.0, mock-3.15.1, xdist-3.8.0, html-4.2.0, pylint-0.21.0, asyncio-1.3.0, timeout-2.4.0, Faker-40.1.2, anyio-4.12.1
asyncio: mode=Mode.AUTO, debug=False, asyncio_default_fixture_loop_scope=function, asyncio_default_test_loop_scope=function
collecting ... collected 0 items / 2 errors

==================================== ERRORS ====================================
_____________ ERROR collecting src/test/test_new_functionality.py ______________
ImportError while importing test module '/workspace/src/test/test_new_functionality.py'.
Hint: make sure your test modules/packages have valid Python names.
Traceback:
/usr/local/lib/python3.13/importlib/__init__.py:88: in import_module
    return _bootstrap._gcd_import(name[level:], package, level)
           ^^^^^^^^^^^^^^^^^^^^^^^^^^^^^^^^^^^^^^^^^^^^^^^^^^^^
src/test/test_new_functionality.py:3: in <module>
    from src.new_functionality import some_new_function, another_new_function
E   ModuleNotFoundError: No module named 'src'
__________ ERROR collecting src/test/test_new_functionality_static.py __________
ImportError while importing test module '/workspace/src/test/test_new_functionality_static.py'.
Hint: make sure your test modules/packages have valid Python names.
Traceback:
/usr/local/lib/python3.13/importlib/__init__.py:88: in import_module
    return _bootstrap._gcd_import(name[level:], package, level)
           ^^^^^^^^^^^^^^^^^^^^^^^^^^^^^^^^^^^^^^^^^^^^^^^^^^^^
src/test/test_new_functionality_static.py:3: in <module>
    from new_functionality import some_new_function, another_new_function
E   ModuleNotFoundError: No module named 'new_functionality'
--------------- generated xml file: /workspace/test_results.xml ----------------
=========================== short test summary info ============================
ERROR src/test/test_new_functionality.py
ERROR src/test/test_new_functionality_static.py
!!!!!!!!!!!!!!!!!!! Interrupted: 2 errors during collection !!!!!!!!!!!!!!!!!!!!
============================== 2 errors in 0.66s ===============================
